// Jest Snapshot v1, https://goo.gl/fbAQLP

exports[`<Home /> <Home /> snapshot 1`] = `
<div
  className="container"
>
  <div
    className="row"
  >
    <div
      className="column"
      style={
        Object {
          "marginTop": "12%",
        }
      }
    >
      <img
        className="avatar"
      />
      <h1>
        undefined
      </h1>
      <p />
      <div>
        <p
          className="footer"
        />
      </div>
    </div>
  </div>
</div>
`;
