// Jest Snapshot v1, https://goo.gl/fbAQLP

exports[`<Sort /> Sorts Buttons by order 1`] = `
Array [
  <a
    className="button button-linkedin"
    href="linkedin.com"
    onClick={[Function]}
    rel="noopener noreferrer"
    target="_blank"
    title="LinkedIn"
  >
    <img
      alt="LinkedIn logo"
      className="icon"
      src="linkedin.svg"
    />
    LinkedIn
  </a>,
  <a
    className="button button-github"
    href="github.com"
    onClick={[Function]}
    rel="noopener noreferrer"
    target="_blank"
    title="GitHub"
  >
    <img
      alt="GitHub logo"
      className="icon"
      src="github.svg"
    />
    GitHub
  </a>,
  <a
    className="button button-twitch"
    href="twitch.tv"
    onClick={[Function]}
    rel="noopener noreferrer"
    target="_blank"
    title="Twitch"
  >
    <img
      alt="Twitch logo"
      className="icon"
      src="twitch.svg"
    />
    Twitch
  </a>,
  <a
    className="button button-youtube"
    href="youtube.com"
    onClick={[Function]}
    rel="noopener noreferrer"
    target="_blank"
    title="YouTube"
  >
    <img
      alt="YouTube logo"
      className="icon"
      src="youtube.svg"
    />
    YouTube
  </a>,
]
`;
